---
source: librellog/src/parse/tests.rs
expression: parse_to_tm(src)
---
Ok(
    TxtSeg(
        "asdf"->TxtCons(Var(Var(Letter$)), TxtSeg("qwer"->Nil)),
    ),
)
