---
source: librellog/src/parse/tests.rs
expression: "parse_to_tm(\"{}\")"
---
Ok(
    Nil,
)
